###############################################################################
#
# IAR ELF Linker V9.30.1.335/W64 for ARM                  11/Mar/2023  22:29:49
# Copyright 2007-2022 IAR Systems AB.
#
#    Output file  =  D:\IARpOJ\RTOS-college-progress-main\Debug\Exe\project.out
#    Map file     =
#        D:\IARpOJ\RTOS-college-progress-main\Debug\List\project.map
#    Command line =
#        -f D:\IARpOJ\RTOS-college-progress-main\Debug\Exe\project.out.rsp
#        (D:\IARpOJ\RTOS-college-progress-main\Debug\Obj\DIO.o
#        D:\IARpOJ\RTOS-college-progress-main\Debug\Obj\functions.o
#        D:\IARpOJ\RTOS-college-progress-main\Debug\Obj\main.o
#        D:\IARpOJ\RTOS-college-progress-main\Debug\Obj\schedular.o
#        D:\IARpOJ\RTOS-college-progress-main\Debug\Obj\startup_ewarm.o
#        D:\IARpOJ\RTOS-college-progress-main\Debug\Obj\Systic_timer.o
#        D:\IARpOJ\RTOS-college-progress-main\Debug\Obj\Timer0.o
#        --no_out_extension -o
#        D:\IARpOJ\RTOS-college-progress-main\Debug\Exe\project.out --redirect
#        _Printf=_PrintfFullNoMb --redirect _Scanf=_ScanfFullNoMb --map
#        D:\IARpOJ\RTOS-college-progress-main\Debug\List\project.map --config
#        D:\arm/config/linker/TexasInstruments/LM4F120H5QR.icf --semihosting
#        C:\ti\TivaWare_C_Series-2.2.0.295\driverlib\ewarm\Exe\driverlib.a
#        --entry __iar_program_start --vfe --text_out locale --cpu=Cortex-M4
#        --fpu=VFPv4_sp)
#
###############################################################################

*******************************************************************************
*** MESSAGES
***

Warning[Lt009]: Inconsistent wchar_t size
            sysctl.o(driverlib.a) and 3 other objects in driverlib.a have
                      wchar_t size 16 bits
            DIO.o and 20 other objects, some of them in shb_l.a and 13 other
                      libraries have wchar_t size 32 bits


*******************************************************************************
*** RUNTIME MODEL ATTRIBUTES
***

CppFlavor       = *
__CPP_Runtime   = 1
__SystemLibrary = DLib
__dlib_version  = 6


*******************************************************************************
*** HEAP SELECTION
***

The basic heap was selected because --advanced_heap
was not specified and the application did not appear to
be primarily optimized for speed.


*******************************************************************************
*** PLACEMENT SUMMARY
***

"A0":  place at address 0x0 { ro section .intvec };
"P1":  place in [from 0x0 to 0x3'ffff] { ro };
define block CSTACK with size = 2K, alignment = 8 { };
define block HEAP with size = 8K, alignment = 8 { };
"P2":  place in [from 0x2000'0000 to 0x2000'7fff] {
          rw, block CSTACK, block HEAP };
do not initialize { rw section .noinit };

  Section          Kind         Address   Size  Object
  -------          ----         -------   ----  ------
"A0":                                    0x26c
  .intvec          const            0x0  0x26c  startup_ewarm.o [1]
                                - 0x26c  0x26c

"P1":                                    0x34c
  .text            ro code        0x26c   0xea  DIO.o [1]
  .text            ro code        0x358   0x74  schedular.o [1]
  .text            ro code        0x3cc   0x70  functions.o [1]
  .text            ro code        0x43c   0x44  main.o [1]
  .text            ro code        0x480   0x20  Systic_timer.o [1]
  .text            ro code        0x4a0   0x38  zero_init3.o [5]
  .text            ro code        0x4d8   0x28  data_init.o [5]
  .text            ro code        0x500   0x22  fpinit_M.o [4]
  .iar.init_table  const          0x524   0x10  - Linker created -
  .text            ro code        0x534   0x20  startup_ewarm.o [1]
  .text            ro code        0x554   0x1c  cstartup_M.o [5]
  .text            ro code        0x570   0x1e  cmain.o [5]
  .text            ro code        0x58e    0x4  low_level_init.o [2]
  .text            ro code        0x592    0x4  exit.o [2]
  .text            ro code        0x598    0xa  cexit.o [5]
  .text            ro code        0x5a4   0x14  exit.o [6]
  .rodata          const          0x5b8    0x0  zero_init3.o [5]
                                - 0x5b8  0x34c

"P2", part 1 of 2:                        0x20
  .bss             zero     0x2000'0000   0x18  schedular.o [1]
  .bss             zero     0x2000'0018    0x4  main.o [1]
  .bss             zero     0x2000'001c    0x4  schedular.o [1]
                          - 0x2000'0020   0x20

"P2", part 2 of 2:                       0x200
  .noinit          uninit   0x2000'0020  0x200  startup_ewarm.o [1]
                          - 0x2000'0220  0x200

Unused ranges:

         From           To      Size
         ----           --      ----
        0x5b8     0x3'ffff  0x3'fa48
  0x2000'0220  0x2000'7fff    0x7de0


*******************************************************************************
*** INIT TABLE
***

          Address      Size
          -------      ----
Zero (__iar_zero_init3)
    1 destination range, total size 0x20:
          0x2000'0000  0x20



*******************************************************************************
*** MODULE SUMMARY
***

    Module            ro code  ro data  rw data
    ------            -------  -------  -------
command line/config:
    -------------------------------------------
    Total:

D:\IARpOJ\RTOS-college-progress-main\Debug\Obj: [1]
    DIO.o                 234
    Systic_timer.o         32
    functions.o           112
    main.o                 68                 4
    schedular.o           116                28
    startup_ewarm.o        32      620      512
    -------------------------------------------
    Total:                594      620      544

dl7M_tln.a: [2]
    exit.o                  4
    low_level_init.o        4
    -------------------------------------------
    Total:                  8

driverlib.a: [3]
    -------------------------------------------
    Total:

m7M_tls.a: [4]
    fpinit_M.o             34
    -------------------------------------------
    Total:                 34

rt7M_tl.a: [5]
    cexit.o                10
    cmain.o                30
    cstartup_M.o           28
    data_init.o            40
    zero_init3.o           56
    -------------------------------------------
    Total:                164

shb_l.a: [6]
    exit.o                 20
    -------------------------------------------
    Total:                 20

    Gaps                    6        2
    Linker created                  16
-----------------------------------------------
    Grand Total:          826      638      544


*******************************************************************************
*** ENTRY LIST
***

Entry                       Address   Size  Type      Object
-----                       -------   ----  ----      ------
.iar.init_table$$Base         0x524          --   Gb  - Linker created -
.iar.init_table$$Limit        0x534          --   Gb  - Linker created -
?main                         0x571         Code  Gb  cmain.o [5]
ArrayOfStruct           0x2000'0000   0x18  Data  Gb  schedular.o [1]
DIO_WritePin                  0x321   0x36  Code  Gb  DIO.o [1]
DIO_init                      0x26d   0x7c  Code  Gb  DIO.o [1]
FaultISR                      0x54f    0x2  Code  Lc  startup_ewarm.o [1]
IntDefaultHandler             0x551    0x2  Code  Lc  startup_ewarm.o [1]
NmiSR                         0x54d    0x2  Code  Lc  startup_ewarm.o [1]
Region$$Table$$Base           0x524          --   Gb  - Linker created -
Region$$Table$$Limit          0x534          --   Gb  - Linker created -
ResetISR                      0x535   0x12  Code  Gb  startup_ewarm.o [1]
SysTick_handler               0x43d    0xa  Code  Gb  main.o [1]
Systick_Init_int              0x481   0x20  Code  Gb  Systic_timer.o [1]
Timer0IntHandler              0x553    0x2  Code  Lc  startup_ewarm.o [1]
__cmain                       0x571         Code  Gb  cmain.o [5]
__exit                        0x5a5   0x14  Code  Gb  exit.o [6]
__iar_data_init3              0x4d9   0x28  Code  Gb  data_init.o [5]
__iar_init_vfp                0x501         Code  Gb  fpinit_M.o [4]
__iar_program_start           0x555         Code  Gb  cstartup_M.o [5]
__iar_zero_init3              0x4a1   0x38  Code  Gb  zero_init3.o [5]
__low_level_init              0x58f    0x4  Code  Gb  low_level_init.o [2]
__vector_table                  0x0  0x26c  Data  Gb  startup_ewarm.o [1]
_call_main                    0x57d         Code  Gb  cmain.o [5]
_exit                         0x599         Code  Gb  cexit.o [5]
createfun                     0x359   0x1e  Code  Gb  schedular.o [1]
ctr                     0x2000'0018    0x4  Data  Gb  main.o [1]
exit                          0x593    0x4  Code  Gb  exit.o [2]
fun1                          0x3cd   0x24  Code  Gb  functions.o [1]
fun2                          0x3f1   0x24  Code  Gb  functions.o [1]
fun3                          0x415   0x24  Code  Gb  functions.o [1]
funcNu                  0x2000'001c    0x4  Data  Lc  schedular.o [1]
main                          0x447   0x28  Code  Gb  main.o [1]
pui32Stack              0x2000'0020  0x200  Data  Lc  startup_ewarm.o [1]
schedular                     0x377   0x4a  Code  Gb  schedular.o [1]


[1] = D:\IARpOJ\RTOS-college-progress-main\Debug\Obj
[2] = dl7M_tln.a
[3] = driverlib.a
[4] = m7M_tls.a
[5] = rt7M_tl.a
[6] = shb_l.a

  826 bytes of readonly  code memory
  638 bytes of readonly  data memory
  544 bytes of readwrite data memory

Errors: none
Warnings: 1
