###############################################################################
#
# IAR ELF Linker V9.30.1.335/W64 for ARM                  12/Mar/2023  12:15:31
# Copyright 2007-2022 IAR Systems AB.
#
#    Output file  =  D:\IARpOJ\Lab2\Debug\Exe\Lab2RTOS.out
#    Map file     =  D:\IARpOJ\Lab2\Debug\List\Lab2RTOS.map
#    Command line =
#        -f D:\IARpOJ\Lab2\Debug\Exe\Lab2RTOS.out.rsp
#        (D:\IARpOJ\Lab2\Debug\Obj\DIO.o D:\IARpOJ\Lab2\Debug\Obj\main.o
#        D:\IARpOJ\Lab2\Debug\Obj\schedular.o
#        D:\IARpOJ\Lab2\Debug\Obj\startup_ewarm.o
#        D:\IARpOJ\Lab2\Debug\Obj\Systic_timer.o
#        D:\IARpOJ\Lab2\Debug\Obj\Timer0.o --no_out_extension -o
#        D:\IARpOJ\Lab2\Debug\Exe\Lab2RTOS.out --redirect
#        _Printf=_PrintfFullNoMb --redirect _Scanf=_ScanfFullNoMb --map
#        D:\IARpOJ\Lab2\Debug\List\Lab2RTOS.map --config
#        D:\arm/config/linker/TexasInstruments/TM4C123GH6.icf --semihosting
#        C:\ti\TivaWare_C_Series-2.2.0.295\driverlib\ewarm\Exe\driverlib.a
#        --entry __iar_program_start --vfe --text_out locale --cpu=Cortex-M4
#        --fpu=VFPv4_sp)
#
###############################################################################

*******************************************************************************
*** MESSAGES
***

Warning[Lt009]: Inconsistent wchar_t size
            timer.o(driverlib.a) and 3 other objects in driverlib.a have
                      wchar_t size 16 bits
            DIO.o and 19 other objects, some of them in shb_l.a and 13 other
                      libraries have wchar_t size 32 bits


*******************************************************************************
*** RUNTIME MODEL ATTRIBUTES
***

CppFlavor       = *
__CPP_Runtime   = 1
__SystemLibrary = DLib
__dlib_version  = 6


*******************************************************************************
*** HEAP SELECTION
***

The basic heap was selected because --advanced_heap
was not specified and the application did not appear to
be primarily optimized for speed.


*******************************************************************************
*** PLACEMENT SUMMARY
***

"A0":  place at address 0x0 { ro section .intvec };
"P1":  place in [from 0x0 to 0x3'ffff] { ro };
define block CSTACK with size = 4K, alignment = 8 { };
define block HEAP with size = 8K, alignment = 8 { };
"P2":  place in [from 0x2000'0000 to 0x2000'7fff] {
          rw, block CSTACK, block HEAP };
do not initialize { rw section .noinit };
initialize by copy { rw };

  Section            Kind         Address   Size  Object
  -------            ----         -------   ----  ------
"A0":                                      0x26c
  .intvec            const            0x0  0x26c  startup_ewarm.o [1]
                                  - 0x26c  0x26c

"P1":                                      0x3f4
  .text              ro code        0x26c  0x178  main.o [1]
  .text              ro code        0x3e4   0xea  DIO.o [1]
  .text              ro code        0x4ce   0x2a  copy_init3.o [5]
  .text              ro code        0x4f8   0x12  timer.o [3]
  .text              ro code        0x50c   0x20  Systic_timer.o [1]
  .text              ro code        0x52c   0x38  zero_init3.o [5]
  .text              ro code        0x564   0x28  data_init.o [5]
  .text              ro code        0x58c   0x22  fpinit_M.o [4]
  .iar.init_table    const          0x5b0   0x24  - Linker created -
  .text              ro code        0x5d4   0x20  startup_ewarm.o [1]
  .text              ro code        0x5f4   0x1c  cstartup_M.o [5]
  .text              ro code        0x610   0x1e  cmain.o [5]
  .text              ro code        0x62e    0x4  low_level_init.o [2]
  .text              ro code        0x632    0x4  exit.o [2]
  .text              ro code        0x638    0xa  cexit.o [5]
  .text              ro code        0x644   0x14  exit.o [6]
  Initializer bytes  const          0x658    0x8  <for P2-1>
  .rodata            const          0x660    0x0  zero_init3.o [5]
  .rodata            const          0x660    0x0  copy_init3.o [5]
                                  - 0x660  0x3f4

"P2", part 1 of 3:                           0x8
  P2-1                        0x2000'0000    0x8  <Init block>
    .data            inited   0x2000'0000    0x4  main.o [1]
    .data            inited   0x2000'0004    0x4  main.o [1]
                            - 0x2000'0008    0x8

"P2", part 2 of 3:                         0x144
  .bss               zero     0x2000'0008   0xa0  main.o [1]
  .bss               zero     0x2000'00a8   0xa0  main.o [1]
  .bss               zero     0x2000'0148    0x4  main.o [1]
                            - 0x2000'014c  0x144

"P2", part 3 of 3:                         0x200
  .noinit            uninit   0x2000'014c  0x200  startup_ewarm.o [1]
                            - 0x2000'034c  0x200

Unused ranges:

         From           To      Size
         ----           --      ----
        0x660     0x3'ffff  0x3'f9a0
  0x2000'034c  0x2000'7fff    0x7cb4


*******************************************************************************
*** INIT TABLE
***

          Address      Size
          -------      ----
Zero (__iar_zero_init3)
    1 destination range, total size 0x144:
          0x2000'0008  0x144

Copy (__iar_copy_init3)
    1 source range, total size 0x8:
                0x658    0x8
    1 destination range, total size 0x8:
          0x2000'0000    0x8



*******************************************************************************
*** MODULE SUMMARY
***

    Module            ro code  ro data  rw data
    ------            -------  -------  -------
command line/config:
    -------------------------------------------
    Total:

D:\IARpOJ\Lab2\Debug\Obj: [1]
    DIO.o                 234
    Systic_timer.o         32
    main.o                376        8      332
    startup_ewarm.o        32      620      512
    -------------------------------------------
    Total:                674      628      844

dl7M_tln.a: [2]
    exit.o                  4
    low_level_init.o        4
    -------------------------------------------
    Total:                  8

driverlib.a: [3]
    timer.o                18
    -------------------------------------------
    Total:                 18

m7M_tls.a: [4]
    fpinit_M.o             34
    -------------------------------------------
    Total:                 34

rt7M_tl.a: [5]
    cexit.o                10
    cmain.o                30
    copy_init3.o           42
    cstartup_M.o           28
    data_init.o            40
    zero_init3.o           56
    -------------------------------------------
    Total:                206

shb_l.a: [6]
    exit.o                 20
    -------------------------------------------
    Total:                 20

    Gaps                    6        2
    Linker created                  36
-----------------------------------------------
    Grand Total:          966      666      844


*******************************************************************************
*** ENTRY LIST
***

Entry                       Address   Size  Type      Object
-----                       -------   ----  ----      ------
.iar.init_table$$Base         0x5b0          --   Gb  - Linker created -
.iar.init_table$$Limit        0x5d4          --   Gb  - Linker created -
?main                         0x611         Code  Gb  cmain.o [5]
DIO_WritePin                  0x499   0x36  Code  Gb  DIO.o [1]
DIO_init                      0x3e5   0x7c  Code  Gb  DIO.o [1]
FaultISR                      0x5ef    0x2  Code  Lc  startup_ewarm.o [1]
IntDefaultHandler             0x5f1    0x2  Code  Lc  startup_ewarm.o [1]
NmiSR                         0x5ed    0x2  Code  Lc  startup_ewarm.o [1]
Region$$Table$$Base           0x5b0          --   Gb  - Linker created -
Region$$Table$$Limit          0x5d4          --   Gb  - Linker created -
ResetISR                      0x5d5   0x12  Code  Gb  startup_ewarm.o [1]
SysTick_handler               0x3b7    0xa  Code  Gb  main.o [1]
Systick_Init_int              0x50d   0x20  Code  Gb  Systic_timer.o [1]
Timer0IntHandler              0x5f3    0x2  Code  Lc  startup_ewarm.o [1]
TimerEnable                   0x4f9    0xc  Code  Gb  timer.o [3]
__cmain                       0x611         Code  Gb  cmain.o [5]
__exit                        0x645   0x14  Code  Gb  exit.o [6]
__iar_copy_init3              0x4cf   0x2a  Code  Gb  copy_init3.o [5]
__iar_data_init3              0x565   0x28  Code  Gb  data_init.o [5]
__iar_init_vfp                0x58d         Code  Gb  fpinit_M.o [4]
__iar_program_start           0x5f5         Code  Gb  cstartup_M.o [5]
__iar_zero_init3              0x52d   0x38  Code  Gb  zero_init3.o [5]
__low_level_init              0x62f    0x4  Code  Gb  low_level_init.o [2]
__vector_table                  0x0  0x26c  Data  Gb  startup_ewarm.o [1]
_call_main                    0x61d         Code  Gb  cmain.o [5]
_exit                         0x639         Code  Gb  cexit.o [5]
blinky1                 0x2000'0008   0xa0  Data  Gb  main.o [1]
blinky1_sp              0x2000'0000    0x4  Data  Gb  main.o [1]
blinky2                 0x2000'00a8   0xa0  Data  Gb  main.o [1]
blinky2_sp              0x2000'0004    0x4  Data  Gb  main.o [1]
exit                          0x633    0x4  Code  Gb  exit.o [2]
fun1                          0x26d   0x24  Code  Gb  main.o [1]
fun2                          0x291   0x56  Code  Gb  main.o [1]
main                          0x2e7   0xd0  Code  Gb  main.o [1]
pui32Stack              0x2000'014c  0x200  Data  Lc  startup_ewarm.o [1]
z                       0x2000'0148    0x4  Data  Gb  main.o [1]


[1] = D:\IARpOJ\Lab2\Debug\Obj
[2] = dl7M_tln.a
[3] = driverlib.a
[4] = m7M_tls.a
[5] = rt7M_tl.a
[6] = shb_l.a

  966 bytes of readonly  code memory
  666 bytes of readonly  data memory
  844 bytes of readwrite data memory

Errors: none
Warnings: 1
